|  n | fib(n) |  factorial(n) |
|  0 |      0 |             1 |
|  1 |      1 |             1 |
|  2 |      1 |             2 |
|  3 |      2 |             6 |
|  4 |      3 |            24 |
|  5 |      5 |           120 |
|  6 |      8 |           720 |
|  7 |     13 |          5040 |
|  8 |     21 |         40320 |
|  9 |     34 |        362880 |
| 10 |     55 |       3628800 |
| 11 |     89 |      39916800 |
| 12 |    144 |     479001600 |
| 13 |    233 |    6227020800 |
| 14 |    377 |   87178291200 |
| 15 |    610 | 1307674368000 |

#  n # fib(n) #  factorial(n) #
#  0 #      0 #             1 #
#  1 #      1 #             1 #
#  2 #      1 #             2 #
#  3 #      2 #             6 #
#  4 #      3 #            24 #
#  5 #      5 #           120 #
#  6 #      8 #           720 #
#  7 #     13 #          5040 #
#  8 #     21 #         40320 #
#  9 #     34 #        362880 #
# 10 #     55 #       3628800 #
# 11 #     89 #      39916800 #
# 12 #    144 #     479001600 #
# 13 #    233 #    6227020800 #
# 14 #    377 #   87178291200 #
# 15 #    610 # 1307674368000 #